// Jest Snapshot v1, https://goo.gl/fbAQLP

exports[`<SectionContainer /> Should render content 1`] = `
.c0 {
  max-width: 120rem;
  margin: 0 auto;
  padding: 3.2rem;
}

<div
  class="c0"
>
  <h1>
    <h1>
      children
    </h1>
  </h1>
</div>
`;
